<html>
<body>
<pre>
<h1>µVision Build Log</h1>
<h2>Project:</h2>
C:\Users\mero_\Desktop\connect4game_TivaC-master\src\connect4.uvproj
Project File Date:  06/10/2018

<h2>Output:</h2>
Rebuild target 'connect4'
assembling startup.s...
compiling Nokia5110.c...
assembling random.s...
compiling connect4.c...
img.h(60): warning:  #1-D: last line of file ends without a newline
  };
connect4.c(593): warning:  #223-D: function "rand" declared implicitly
                        decision = rand()%7;
connect4.c(835): warning:  #1-D: last line of file ends without a newline
  }
connect4.c: 3 warnings, 0 errors
compiling TExaS.c...
compiling UART.c...
linking...
Program Size: Code=10416 RO-data=3124 RW-data=204 ZI-data=3084  
".\connect4.axf" - 0 Error(s), 3 Warning(s).
Load "C:\\Users\\mero_\\Desktop\\connect4game_TivaC-master\\src\\connect4.axf" 
Connecting: Mode=JTAG, Speed=1000000Hz
Erase Done.
Programming Done.
Verify OK.
</pre>
</body>
</html>
